Testing Prisma Client...
node : Error initializing 
Prisma Client:
At line:1 char:1
+ node test-prisma.js > 
test_log.txt 2>&1
+ ~~~~~~~~~~~~~~~~~~~~~~~~~~
~~~~~~~~~~~~~
    + CategoryInfo          
    : NotSpecified: (Error  
   initializing Prisma Cl   
 ient::String) [], Remot    
eException
    + FullyQualifiedErrorId 
    : NativeCommandError
 
PrismaClientInitializationEr
ror: `PrismaClient` needs 
to be constructed with a 
non-empty, valid 
`PrismaClientOptions`:

```
new PrismaClient({
  ...
})
```

or

```
constructor() {
  super({ ... });
}
```
          
    at new t 
(D:\intership\tracking site\
zech-workflow\backend\node_m
odules\@prisma\client\runtim
e\client.js:70:960)
    at file:///D:/intership/
tracking%20site/zech-workflo
w/backend/test-prisma.js:6:2
0
    at ModuleJob.run (node:i
nternal/modules/esm/module_j
ob:325:25)
    at async 
ModuleLoader.import (node:in
ternal/modules/esm/loader:60
6:24)
    at async asyncRunEntryPo
intWithESMLoader (node:inter
nal/modules/run_main:117:5) 
{
  clientVersion: '7.3.0',
  errorCode: undefined,
  retryable: undefined
}
